# Sample memory trace for the cache simulator.
# Format: <op> <hex-address>   (R = read, W = write)
# Blank lines and lines starting with '#' are ignored.
#
# This mixes sequential runs (good spatial locality), repeated addresses
# (temporal locality), and some scattered accesses so the stats are non-trivial.

R 00001000
R 00001004
R 00001008
R 0000100c
W 00001000
R 00002000
R 00002040
R 00002080
R 00001000
R 00001004
W 00002000
R 00003000
R 00003008
R 00001008
R 0000100c
W 00003000
R 00002040
R 00004000
R 00004040
R 00004080
R 000040c0
R 00001000
W 00004000
R 00002080
R 00005000
R 00005004
R 00003008
R 00001000
W 00005000
R 00002000
R 00006000
R 00006040
R 00001004
R 00004000
W 00006000
R 00003000
R 00007000
R 00007080
R 00001008
R 00002040
W 00007000
R 00005004
R 00008000
R 00008040
R 0000100c
R 00004040
